// Jest Snapshot v1, https://goo.gl/fbAQLP

exports[`Root component tests should correct snapshot render 1`] = `
<div>
  <h1
    style={
      Object {
        "textAlign": "center",
      }
    }
  >
    Root Component
  </h1>
</div>
`;
